src/components/ExternalJobs.tsx(44,15): error TS2339: Property 'info' does not exist on type '{ (message: Message, opts?: Partial<Pick<Toast, "className" | "id" | "style" | "icon" | "duration" | "ariaProps" | "position" | "iconTheme" | "toasterId" | "removeDelay">> | undefined): string; ... 8 more ...; promise<T>(promise: Promise<...> | (() => Promise<...>), msgs: { ...; }, opts?: DefaultToastOptions | undef...'.
src/pages/Jobs.tsx(44,17): error TS2339: Property 'info' does not exist on type '{ (message: Message, opts?: Partial<Pick<Toast, "className" | "id" | "style" | "icon" | "duration" | "ariaProps" | "position" | "iconTheme" | "toasterId" | "removeDelay">> | undefined): string; ... 8 more ...; promise<T>(promise: Promise<...> | (() => Promise<...>), msgs: { ...; }, opts?: DefaultToastOptions | undef...'.
src/pages/TestApi.tsx(2,32): error TS6133: 'Loader2' is declared but its value is never read.
src/pages/TestApi.tsx(14,31): error TS6133: 'endpoint' is declared but its value is never read.
src/pages/TestApi.tsx(93,37): error TS2339: Property 'error' does not exist on type '{ success: boolean; message: string; data?: any; }'.
src/pages/TestApi.tsx(95,53): error TS2339: Property 'error' does not exist on type '{ success: boolean; message: string; data?: any; }'.
src/pages/TestApi.tsx(134,34): error TS2339: Property 'error' does not exist on type '{ success: boolean; message: string; data?: any; }'.
src/pages/TestApi.tsx(136,50): error TS2339: Property 'error' does not exist on type '{ success: boolean; message: string; data?: any; }'.
